[2025-07-18T00:28:01.228Z] ERROR: Error al registrar en bitácora: Cannot read properties of undefined (reading 'query')
[2025-07-18T00:30:32.892Z] ERROR: Error al registrar en bitácora: Cannot read properties of undefined (reading 'query')
[2025-07-18T00:31:42.225Z] ERROR: Error al registrar en bitácora: Cannot read properties of undefined (reading 'query')
[2025-07-18T00:32:33.761Z] ERROR: Error al registrar en bitácora: Cannot read properties of undefined (reading 'query')
[2025-07-18T00:33:56.433Z] ERROR: Error al registrar en bitácora: Cannot read properties of undefined (reading 'query')
[2025-07-18T02:07:37.182Z] ERROR: Error al registrar en bitácora: Cannot read properties of undefined (reading 'query')
Stack: TypeError: Cannot read properties of undefined (reading 'query')
    at BitacoraService.registrarEvento (D:\ProyectoDEF-CMR\Cl-nica-Rosales---SICMR\backend\src\services\bitacora.service.js:19:40)
    at deleteRole (D:\ProyectoDEF-CMR\Cl-nica-Rosales---SICMR\backend\src\controllers\admin.controller.js:353:27)
    at process.processTicksAndRejections (node:internal/process/task_queues:105:5)
[2025-07-18T02:07:42.356Z] ERROR: Error al registrar en bitácora: Cannot read properties of undefined (reading 'query')
Stack: TypeError: Cannot read properties of undefined (reading 'query')
    at BitacoraService.registrarEvento (D:\ProyectoDEF-CMR\Cl-nica-Rosales---SICMR\backend\src\services\bitacora.service.js:19:40)
    at deleteRole (D:\ProyectoDEF-CMR\Cl-nica-Rosales---SICMR\backend\src\controllers\admin.controller.js:353:27)
    at process.processTicksAndRejections (node:internal/process/task_queues:105:5)
[2025-07-18T02:07:44.568Z] ERROR: Error al registrar en bitácora: Cannot read properties of undefined (reading 'query')
Stack: TypeError: Cannot read properties of undefined (reading 'query')
    at BitacoraService.registrarEvento (D:\ProyectoDEF-CMR\Cl-nica-Rosales---SICMR\backend\src\services\bitacora.service.js:19:40)
    at deleteRole (D:\ProyectoDEF-CMR\Cl-nica-Rosales---SICMR\backend\src\controllers\admin.controller.js:353:27)
    at process.processTicksAndRejections (node:internal/process/task_queues:105:5)
[2025-07-18T03:20:25.681Z] ERROR: Error al registrar en bitácora: Cannot read properties of undefined (reading 'query')
Stack: TypeError: Cannot read properties of undefined (reading 'query')
    at BitacoraService.registrarEvento (D:\ProyectoDEF-CMR\Cl-nica-Rosales---SICMR\backend\src\services\bitacora.service.js:19:40)
    at createRole (D:\ProyectoDEF-CMR\Cl-nica-Rosales---SICMR\backend\src\controllers\admin.controller.js:295:27)
    at process.processTicksAndRejections (node:internal/process/task_queues:105:5)
[2025-07-18T03:23:14.056Z] ERROR: Error al registrar en bitácora: Cannot read properties of undefined (reading 'query')
Stack: TypeError: Cannot read properties of undefined (reading 'query')
    at BitacoraService.registrarEvento (D:\ProyectoDEF-CMR\Cl-nica-Rosales---SICMR\backend\src\services\bitacora.service.js:19:40)
    at createRole (D:\ProyectoDEF-CMR\Cl-nica-Rosales---SICMR\backend\src\controllers\admin.controller.js:295:27)
    at process.processTicksAndRejections (node:internal/process/task_queues:105:5)
[2025-07-18T03:23:53.708Z] ERROR: Error al registrar en bitácora: Cannot read properties of undefined (reading 'query')
Stack: TypeError: Cannot read properties of undefined (reading 'query')
    at BitacoraService.registrarEvento (D:\ProyectoDEF-CMR\Cl-nica-Rosales---SICMR\backend\src\services\bitacora.service.js:19:40)
    at updateRole (D:\ProyectoDEF-CMR\Cl-nica-Rosales---SICMR\backend\src\controllers\admin.controller.js:327:27)
    at process.processTicksAndRejections (node:internal/process/task_queues:105:5)
[2025-07-18T03:31:38.113Z] ERROR: Error al registrar en bitácora: Unknown column 'FECHA' in 'field list'
Stack: Error
    at Query.run (D:\ProyectoDEF-CMR\Cl-nica-Rosales---SICMR\backend\node_modules\sequelize\lib\dialects\mysql\query.js:52:25)
    at D:\ProyectoDEF-CMR\Cl-nica-Rosales---SICMR\backend\node_modules\sequelize\lib\sequelize.js:315:28
    at process.processTicksAndRejections (node:internal/process/task_queues:105:5)
    at async BitacoraService.registrarEvento (D:\ProyectoDEF-CMR\Cl-nica-Rosales---SICMR\backend\src\services\bitacora.service.js:19:24)
    at async createRole (D:\ProyectoDEF-CMR\Cl-nica-Rosales---SICMR\backend\src\controllers\admin.controller.js:295:5)
[2025-07-18T03:46:29.471Z] ERROR: Error al registrar en bitácora: Cannot add or update a child row: a foreign key constraint fails (`clinica_sicmr`.`tbl_ms_bitacora`, CONSTRAINT `tbl_ms_bitacora_ibfk_2` FOREIGN KEY (`atr_id_objetos`) REFERENCES `tbl_objetos` (`atr_id_objetos`))
Stack: Error
    at Query.run (D:\ProyectoDEF-CMR\Cl-nica-Rosales---SICMR\backend\node_modules\sequelize\lib\dialects\mysql\query.js:52:25)
    at D:\ProyectoDEF-CMR\Cl-nica-Rosales---SICMR\backend\node_modules\sequelize\lib\sequelize.js:315:28
    at process.processTicksAndRejections (node:internal/process/task_queues:105:5)
    at async BitacoraService.registrarEvento (D:\ProyectoDEF-CMR\Cl-nica-Rosales---SICMR\backend\src\services\bitacora.service.js:19:24)
    at async createRole (D:\ProyectoDEF-CMR\Cl-nica-Rosales---SICMR\backend\src\controllers\admin.controller.js:295:5)
[2025-07-18T03:48:01.536Z] ERROR: Error al registrar en bitácora: Cannot add or update a child row: a foreign key constraint fails (`clinica_sicmr`.`tbl_ms_bitacora`, CONSTRAINT `tbl_ms_bitacora_ibfk_2` FOREIGN KEY (`atr_id_objetos`) REFERENCES `tbl_objetos` (`atr_id_objetos`))
Stack: Error
    at Query.run (D:\ProyectoDEF-CMR\Cl-nica-Rosales---SICMR\backend\node_modules\sequelize\lib\dialects\mysql\query.js:52:25)
    at D:\ProyectoDEF-CMR\Cl-nica-Rosales---SICMR\backend\node_modules\sequelize\lib\sequelize.js:315:28
    at process.processTicksAndRejections (node:internal/process/task_queues:105:5)
    at async BitacoraService.registrarEvento (D:\ProyectoDEF-CMR\Cl-nica-Rosales---SICMR\backend\src\services\bitacora.service.js:19:24)
    at async updateRole (D:\ProyectoDEF-CMR\Cl-nica-Rosales---SICMR\backend\src\controllers\admin.controller.js:327:5)
[2025-07-19T05:36:24.518Z] ERROR: Error al registrar en bitácora: Cannot add or update a child row: a foreign key constraint fails (`clinica_sicmr`.`tbl_ms_bitacora`, CONSTRAINT `tbl_ms_bitacora_ibfk_2` FOREIGN KEY (`atr_id_objetos`) REFERENCES `tbl_objetos` (`atr_id_objetos`))
Stack: Error
    at Query.run (D:\ProyectoDEF-CMR\Cl-nica-Rosales---SICMR\backend\node_modules\sequelize\lib\dialects\mysql\query.js:52:25)
    at D:\ProyectoDEF-CMR\Cl-nica-Rosales---SICMR\backend\node_modules\sequelize\lib\sequelize.js:315:28
    at process.processTicksAndRejections (node:internal/process/task_queues:105:5)
    at async BitacoraService.registrarEvento (D:\ProyectoDEF-CMR\Cl-nica-Rosales---SICMR\backend\src\services\bitacora.service.js:19:24)
    at async createRole (D:\ProyectoDEF-CMR\Cl-nica-Rosales---SICMR\backend\src\controllers\admin.controller.js:295:5)
[2025-07-19T05:39:00.340Z] ERROR: Error al registrar en bitácora: Cannot add or update a child row: a foreign key constraint fails (`clinica_sicmr`.`tbl_ms_bitacora`, CONSTRAINT `tbl_ms_bitacora_ibfk_2` FOREIGN KEY (`atr_id_objetos`) REFERENCES `tbl_objetos` (`atr_id_objetos`))
Stack: Error
    at Query.run (D:\ProyectoDEF-CMR\Cl-nica-Rosales---SICMR\backend\node_modules\sequelize\lib\dialects\mysql\query.js:52:25)
    at D:\ProyectoDEF-CMR\Cl-nica-Rosales---SICMR\backend\node_modules\sequelize\lib\sequelize.js:315:28
    at process.processTicksAndRejections (node:internal/process/task_queues:105:5)
    at async BitacoraService.registrarEvento (D:\ProyectoDEF-CMR\Cl-nica-Rosales---SICMR\backend\src\services\bitacora.service.js:19:24)
    at async updateRole (D:\ProyectoDEF-CMR\Cl-nica-Rosales---SICMR\backend\src\controllers\admin.controller.js:327:5)
